
> taxomind@1.0.0 prebuild
> node scripts/validate-env.js

🔧 Loading environment for: development
✅ Found: .env.local
✅ Found: .env.development
✅ Found: .env
📊 Environment Summary:
   NODE_ENV: development
   Database: Local (Local Docker)
   App URL: http://localhost:3000
   Redis: Disabled
   Files loaded: .env.local, .env.development, .env
❌ Could not load TypeScript validation module
Make sure to run "npm run build" or install ts-node
🔍 Basic Environment Validation: DEVELOPMENT

📋 Basic Configuration:
   - NODE_ENV: development
   - Database: Configured
   - Auth: Configured
   - Redis: Not configured
   - Google OAuth: Configured
   - GitHub OAuth: Configured
   - AI (OpenAI): Not configured
   - AI (Anthropic): Configured
   - Media (Cloudinary): Configured

✅ Environment validation passed!


> taxomind@1.0.0 build
> NODE_OPTIONS='--max-old-space-size=8192' node scripts/load-env.js && NODE_OPTIONS='--max-old-space-size=8192' next build

🔧 Loading environment for: development
✅ Found: .env.local
✅ Found: .env.development
✅ Found: .env
📊 Environment Summary:
   NODE_ENV: development
   Database: Local (Local Docker)
   App URL: http://localhost:3000
   Redis: Disabled
   Files loaded: .env.local, .env.development, .env
   ▲ Next.js 16.0.1 (Turbopack)
   - Environments: .env.local, .env.production, .env
   - Experiments (use with caution):
     · optimizePackageImports
     · serverActions
     ✓ webpackBuildWorker

   Creating an optimized production build ...
 ✓ Compiled successfully in 16.3s
   Running TypeScript ...
Failed to compile.

./actions/admin/login.ts:186:47
Type error: Type '{ userId: string; }' is not assignable to type 'Exact<(Without<TwoFactorConfirmationCreateInput, TwoFactorConfirmationUncheckedCreateInput> & TwoFactorConfirmationUncheckedCreateInput) | (Without<...> & TwoFactorConfirmationCreateInput), (Without<...> & TwoFactorConfirmationUncheckedCreateInput) | (Without<...> & TwoFactorConfirmationCreateInput)>'.
  Type '{ userId: string; }' is not assignable to type '(Without<TwoFactorConfirmationCreateInput, TwoFactorConfirmationUncheckedCreateInput> & TwoFactorConfirmationUncheckedCreateInput) | { ...; }'.
    Property 'id' is missing in type '{ userId: string; }' but required in type '{ User?: undefined; id: string; userId: string; }'.

[0m [90m 184 |[39m       }
 [90m 185 |[39m
[31m[1m>[22m[39m[90m 186 |[39m       [36mawait[39m db[33m.[39mtwoFactorConfirmation[33m.[39mcreate({ data[33m:[39m { userId[33m:[39m existingUser[33m.[39mid } })[33m;[39m
 [90m     |[39m                                               [31m[1m^[22m[39m
 [90m 187 |[39m       console[33m.[39mlog([32m`[admin-login] Admin 2FA validated via ${verificationMethod}`[39m)[33m;[39m
 [90m 188 |[39m
 [90m 189 |[39m       [36mawait[39m authAuditHelpers[33m.[39mlogTwoFactorVerified(existingUser[33m.[39mid[33m,[39m existingUser[33m.[39memail)[33m;[39m[0m
Next.js build worker exited with code: 1 and signal: null
